// Jest Snapshot v1, https://goo.gl/fbAQLP

exports[`matches snapshot 1`] = `
<DocumentFragment>
  <div>
    <form>
      <label
        for="todo"
      >
        Add Todo:
      </label>
      <input
        id="todo"
        name="todo"
        type="text"
        value=""
      />
      <button
        id="newToodoButton"
      >
        Add Todo
      </button>
    </form>
  </div>
</DocumentFragment>
`;
